// Jest Snapshot v1, https://goo.gl/fbAQLP

exports[`Settings | Expansions | UpgradedBasicNemesisCards | selected | reducer should handle TOGGLE 1`] = `
Array [
  "HissingAcid",
  "BaneCommander",
  "SkyTremor",
  "EngulfingMadness",
  "Separate",
  "NeedleDoom",
  "Marked",
  "Eradicate",
  "FlashOfDecay",
  "Terrify",
  "RayOfDesolation",
  "ThunderousTempest",
  "Sacrifice",
  "Burialskulk",
  "Rupture",
  "FurrowOfDestruction",
  "Mangle",
  "HowlingSlayer",
  "ChaosStrike",
  "LabyrinthWraith-O",
  "RainOfDevastation",
  "HuntTheWeak",
  "Rescind",
  "HarbingerOfMonstrosity-O",
  "MageDevourer-O",
  "SilentDecay",
  "SkyCrush",
  "Scour",
  "Sacrifice-O",
  "ScionOfTheVoid-O",
  "RayOfDesolation-O",
  "BlightedMagic",
  "BlackenedStars",
  "CarriodeRaiders",
  "Incense",
  "SpreadingBrushfire",
  "Blacken",
  "BreachShatter",
  "ChitinKiller",
  "MagmaLordZala",
  "SoulRend",
  "Stifle",
  "DreadIgnition",
  "Explosion",
  "InescapableTorment",
  "NyxOfBurningBones",
  "Ravage",
  "Revive",
  "TheCeaselessObserver",
  "Writhe",
  "BubblingRuin",
  "SweepingBlackness",
  "TwistingFlesh",
  "OmniscientOtherling",
  "ConsumingEarth",
  "Bombard",
  "CoalBeast",
  "Reckoning",
  "Flay",
  "Resurrect",
  "ChainLightning",
  "VoidRevenants",
  "Incense",
]
`;
