// Jest Snapshot v1, https://goo.gl/fbAQLP

exports[`Settings | Expansions | Mages | selected | reducer should handle TOGGLE 1`] = `
Array [
  "Brama",
  "Jian",
  "Kadir",
  "Lash",
  "Mist",
  "Phaedraxa",
  "Xaxos",
  "Nym",
  "Reeve",
  "Zhana",
  "Inco",
  "Razra",
  "LegacyGreen",
  "LegacyYellow",
  "LegacyOrange",
  "LegacyBlue",
  "Sahala",
  "Gygar",
  "Soskel",
  "Taqren",
  "Talix",
  "Rhia",
  "Claudia",
  "Lost",
  "Malastar",
  "Indira",
  "Remnant",
  "Nook",
  "Mazra",
  "Qu",
  "Sparrow",
  "XaxosTV",
  "Dezmodia",
  "Garu",
  "Gex",
  "Mazahaedron",
  "MistWE",
  "Quilius",
  "Ulgimor",
  "YanMagda",
]
`;
