// Jest Snapshot v1, https://goo.gl/fbAQLP

exports[`Settings | Expansions | Mages | selected | reducer should handle TOGGLE 1`] = `
Array [
  "Brama",
  "Jian",
  "Kadir",
  "Lash",
  "Mist",
  "Phaedraxa",
  "Xaxos",
  "Nym",
  "Reeve",
  "Zhana",
  "Dorian",
  "Inco",
  "Razra",
  "LegacyGreen",
  "LegacyYellow",
  "LegacyOrange",
  "LegacyBlue",
  "Sahala",
  "Gygar",
  "Soskel",
  "Taqren",
  "Talix",
  "Rhia",
  "Claudia",
  "Lost",
  "Malastar",
  "Indira",
  "Remnant",
  "Auren",
  "Willow",
  "Ona",
  "Nadea",
  "Kavoc",
  "Bayli",
  "Shoshana",
  "Rhys",
  "Naftir",
  "Lilly",
  "Nook",
  "Mazra",
  "Qu",
  "Sparrow",
  "XaxosTV",
  "Dezmodia",
  "Garu",
  "Gex",
  "Mazahaedron",
  "MistWE",
  "Quilius",
  "Ulgimor",
  "YanMagda",
  "Ilya",
  "Kel",
  "ZhanaO",
  "TaqrenO",
  "QuO",
  "Thraxir",
  "DezmodiaO",
  "Arachnos",
  "KiriAndPhoenix",
  "OhatAndUlgimor",
  "Cairna",
  "Lucien",
  "Reth",
  "ArachnosLOG",
  "ClaudiaLOG",
  "DezmodiaLOG",
  "GygarLOG",
  "IlyaLOG",
  "IncoLOG",
  "IndiraLOG",
  "KadirLOG",
  "KelLOG",
  "LostLOG",
  "MalastarLOG",
  "MazraLOG",
  "NookLOG",
  "QuLOG",
  "RazraLOG",
  "SoskelLOG",
  "TalixLOG",
  "TaqrenLOG",
  "ThraxirLOG",
  "XaxosLOG",
  "YanMagdaLOG",
]
`;
