// Jest Snapshot v1, https://goo.gl/fbAQLP

exports[`Settings | Expansions | BasicNemesisCards | selected | reducer should handle TOGGLE 1`] = `
Array [
  "AgonyField-AE",
  "BleedStatic-AE",
  "EyeofNothing-AE",
  "HazeSpewer-AE",
  "Skewer-AE",
  "Slaughter-AE",
  "WovenSky-AE",
  "Awaken-AE",
  "Cauterizer-AE",
  "Dispel-AE",
  "Needlemaw-AE",
  "LayWaste-AE",
  "PulverizingRay-AE",
  "Venomite-AE",
  "DoomAegis-AE",
  "GatherDarkness-AE",
  "JaggedOne-AE",
  "Obliterate-AE",
  "RealityRupture-AE",
  "Sunder-AE",
  "Topple-AE",
  "BladeStorm-BS",
  "HexofVulnerability-BS",
  "ThrongCommander-BS",
  "Divert-BS",
  "Depreciate-BS",
  "ArmoredHaze-BS",
  "Muster-BS",
  "BreachTunnel-BS",
  "MailedShade-BS",
  "Ambush-Legacy",
  "Conduct-Legacy",
  "CreepingCurse-Legacy",
  "Daze-Legacy",
  "EndlessChasm-Legacy",
  "AetherExtract-Legacy",
  "RavenousLeviathan-Legacy",
  "SpineThresher-Legacy",
  "CausticCocoon-Legacy",
  "Sap-Legacy",
  "Tremor-Legacy",
  "Drain-Legacy",
  "HummingHive-Legacy",
  "Hunted-Legacy",
  "TemptingOffer-Legacy",
  "Annihilate-Legacy",
  "FacetOgre-Legacy",
  "FlashofDecay-Legacy",
  "GatheringStorm-Legacy",
  "MaddeningSpectre-Legacy",
  "Scatter-Legacy",
  "Suffocate-Legacy",
  "DrillbeakWurm-NA",
  "CarriodeColony-NA",
  "ChaosOrb-NA",
  "Disorient-NA",
  "Rend-NA",
  "UnnervingHowl-NA",
  "CeaselessDarkness-NA",
  "AetherShock-NA",
  "Decimate-NA",
  "BlindEnigma-NA",
  "PlanarCollision-NA",
  "SpiritSnare-NA",
  "Dement-NA",
  "Decay-NA",
  "CullingScythe-NA",
  "Fugue-NA",
  "VolcanicZala-NA",
  "PortalGuardian-NA",
  "ObliteratingMeteor-NA",
  "Mutilate-NA",
  "Needlemaw-NA",
  "MorbidGyre-NA",
  "GravitySplinter-NA",
  "Eliminate-NA",
  "CrushingStorm-NA",
  "GnashingMaw-NA",
  "Disperse-NA",
  "Gore-NA",
  "HexofDestruction-NA",
  "EternalWatcher-NA",
  "Sunder-NA",
  "Topple-NA",
  "MonstrosityofOmens-NA",
  "DoomAegis-NA",
  "LabyrinthWisp-OD",
  "Assail-OD",
  "DireAbbatoir-OD",
  "Afflict-WE",
  "CatacombDrone-WE",
  "Encroach-WE",
  "HeartofNothing-WE",
  "HowlingSpinners-WE",
  "NightUnending-WE",
  "Nix-WE",
  "PlanarCollision-WE",
  "Thrash-WE",
  "AphoticSun-WE",
  "ChaosFlail-WE",
  "MageEnder-WE",
  "Mangleroot-WE",
  "MorbidGyre-WE",
  "Mutilate-WE",
  "NullScion-WE",
  "Smite-WE",
  "ApocalypseRitual-WE",
  "Banish-WE",
  "CataclysmicFate-WE",
  "MonstrosityofOmens-WE",
  "Engulf-WE",
  "Quell-WE",
  "Throttle-WE",
  "WitheringBeam-WE",
  "WitheringRot-O",
  "WeepingHex-O",
  "Hemorrhage-O",
  "MoonstruckHound-O",
  "WanderingLasher-O",
  "AuraDrain-O",
  "HauntedForce-O",
  "NoxiousWinds-O",
  "MarkedForDeath-O",
  "ConjuredGrapple-O",
  "ChitinCrawler-O",
  "WanderingObserver-O",
  "SeekingDestruction-O",
  "SuffocatingHaze-O",
  "ToxicSubterfuge-O",
  "Throttle-O",
  "Topple-O",
  "BreachSpike-O",
  "NyxTheSpineCruncher-O",
  "EndlessTorment-O",
  "DarkeningDepths-O",
  "ApocalypseRitual-O",
  "CeaselessDarkness-LOG",
  "ChaosOrb-LOG",
  "CoalWelp-LOG",
  "Consume-LOG",
  "CosmopodHorror-LOG",
  "Disorient-LOG",
  "ImpendingImmolation-LOG",
  "Rend-LOG",
  "CollapsingComet",
  "DevilsPact",
  "FoggyMiasma",
  "Otherling",
  "PaleReckoner",
  "SpreadingInferno",
  "Ruin",
  "CrushingStorm-LOG",
  "DemolishingVoid",
  "Divide",
  "Eviscerate",
  "HexOfDestruction-LOG",
  "Incinerate",
  "VoidStrays",
  "Menace-promos",
  "GlyphEnigma-promos",
  "GravitySplinter-promos",
  "WorldPurge-promos",
  "BaneSire-promos",
  "Decimate-promos",
  "SpiritCage-promos",
  "BanefulCrux-promos",
  "Negate-promos",
  "Gallowskulk-promos",
  "Unmake-promos",
]
`;
