// Jest Snapshot v1, https://goo.gl/fbAQLP

exports[`Expedition | migrations should migrate to current expedition state 1`] = `
Object {
  "expeditionIds": Array [
    "V884fJ4MT",
    "Ce850x17_",
    "HPEBVeG9",
    "WITHOUT_SNAPSHOT",
  ],
  "expeditions": Object {
    "Ce850x17_": Object {
      "banished": Array [
        "SearingRuby",
        "RecurringJasper",
        "PainStone",
      ],
      "barracks": Object {
        "mageIds": Array [
          "Qu",
          "Mazra",
          "Nook",
          "Sparrow",
          "Gygar",
        ],
        "supplyIds": Array [
          "DiamondCluster",
          "PainConduit",
          "UnstablePrism",
          "TemporalHelix",
          "ThoughtformFamiliar",
          "BurningCurrent",
          "StormVapors",
          "CrescendoRay",
          "Aurora",
        ],
        "treasureIds": Array [
          "SparrowsAid",
          "MistsAmethystParagon",
          "BramasBuriedLight",
          "XaxosPyre",
          "IndirasLoneOpal",
        ],
      },
      "bigPocketVariant": false,
      "finished": false,
      "id": "Ce850x17_",
      "migrationVersion": 2020030401,
      "name": "test",
      "score": 4,
      "seed": Object {
        "nemesisState": Object {
          "S": Array [
            231,
            108,
            142,
            60,
            8,
            210,
            91,
            217,
            159,
            52,
            44,
            175,
            169,
            111,
            176,
            143,
            212,
            25,
            207,
            188,
            191,
            226,
            36,
            125,
            79,
            76,
            46,
            141,
            33,
            98,
            35,
            101,
            11,
            59,
            240,
            150,
            54,
            154,
            115,
            48,
            161,
            173,
            49,
            90,
            74,
            100,
            126,
            166,
            128,
            88,
            20,
            179,
            68,
            47,
            214,
            69,
            181,
            249,
            9,
            232,
            227,
            209,
            40,
            251,
            242,
            129,
            78,
            241,
            119,
            234,
            202,
            198,
            86,
            165,
            168,
            220,
            43,
            109,
            32,
            14,
            208,
            190,
            56,
            195,
            113,
            95,
            114,
            243,
            222,
            225,
            252,
            67,
            182,
            189,
            238,
            178,
            132,
            62,
            137,
            66,
            10,
            206,
            200,
            80,
            205,
            45,
            39,
            61,
            134,
            162,
            99,
            158,
            185,
            118,
            110,
            53,
            239,
            64,
            157,
            73,
            237,
            221,
            89,
            255,
            184,
            82,
            71,
            42,
            186,
            4,
            235,
            133,
            2,
            247,
            55,
            167,
            65,
            106,
            34,
            218,
            131,
            139,
            87,
            37,
            193,
            70,
            155,
            135,
            153,
            103,
            130,
            215,
            196,
            136,
            1,
            204,
            245,
            96,
            30,
            105,
            21,
            156,
            104,
            3,
            31,
            5,
            85,
            145,
            149,
            223,
            229,
            120,
            183,
            28,
            253,
            211,
            127,
            19,
            213,
            117,
            22,
            147,
            26,
            75,
            72,
            246,
            51,
            248,
            230,
            41,
            219,
            29,
            180,
            116,
            236,
            138,
            244,
            15,
            192,
            224,
            12,
            123,
            148,
            38,
            0,
            50,
            203,
            84,
            187,
            170,
            92,
            146,
            7,
            18,
            23,
            81,
            124,
            250,
            194,
            164,
            13,
            57,
            152,
            216,
            121,
            174,
            122,
            24,
            93,
            63,
            107,
            77,
            163,
            17,
            140,
            171,
            233,
            97,
            228,
            16,
            112,
            6,
            254,
            94,
            160,
            144,
            27,
            58,
            151,
            102,
            177,
            197,
            199,
            172,
            201,
            83,
          ],
          "i": 7,
          "j": 50,
        },
        "seed": "Ce850x17_",
        "supplyState": Object {
          "S": Array [
            231,
            108,
            142,
            60,
            8,
            55,
            238,
            217,
            170,
            210,
            88,
            227,
            106,
            182,
            149,
            69,
            121,
            54,
            94,
            211,
            200,
            161,
            239,
            6,
            185,
            131,
            51,
            43,
            205,
            148,
            150,
            166,
            189,
            196,
            65,
            97,
            143,
            159,
            235,
            36,
            90,
            236,
            207,
            109,
            215,
            197,
            221,
            56,
            105,
            132,
            137,
            155,
            23,
            52,
            164,
            186,
            223,
            104,
            129,
            4,
            157,
            141,
            158,
            255,
            89,
            120,
            240,
            190,
            233,
            68,
            21,
            118,
            224,
            82,
            99,
            112,
            206,
            64,
            103,
            3,
            247,
            126,
            176,
            10,
            73,
            135,
            28,
            110,
            71,
            178,
            67,
            202,
            151,
            242,
            91,
            40,
            195,
            181,
            216,
            48,
            80,
            198,
            168,
            222,
            226,
            213,
            114,
            38,
            234,
            237,
            160,
            77,
            11,
            17,
            252,
            76,
            203,
            208,
            212,
            13,
            27,
            225,
            246,
            39,
            58,
            42,
            61,
            134,
            191,
            95,
            119,
            9,
            251,
            66,
            47,
            183,
            177,
            169,
            34,
            218,
            53,
            139,
            87,
            37,
            193,
            70,
            179,
            232,
            153,
            32,
            130,
            74,
            59,
            136,
            1,
            204,
            245,
            96,
            30,
            128,
            243,
            156,
            249,
            14,
            31,
            5,
            85,
            145,
            101,
            62,
            229,
            133,
            167,
            2,
            253,
            188,
            127,
            19,
            45,
            117,
            22,
            147,
            26,
            75,
            72,
            79,
            46,
            248,
            230,
            41,
            219,
            29,
            180,
            116,
            173,
            138,
            244,
            15,
            192,
            86,
            12,
            123,
            98,
            44,
            0,
            50,
            33,
            84,
            187,
            154,
            92,
            146,
            7,
            18,
            165,
            81,
            124,
            250,
            194,
            214,
            113,
            57,
            152,
            20,
            175,
            174,
            122,
            24,
            93,
            63,
            107,
            241,
            163,
            209,
            140,
            171,
            115,
            35,
            228,
            16,
            220,
            125,
            254,
            49,
            25,
            144,
            162,
            184,
            111,
            102,
            78,
            100,
            199,
            172,
            201,
            83,
          ],
          "i": 136,
          "j": 250,
        },
      },
      "sequence": Object {
        "branches": Object {
          "0t22iBGUff": Object {
            "config": Object {
              "newUBNCards": Object {
                "addRandom": true,
                "type": "regular",
              },
              "tier": 3,
              "treasure": Object {
                "hasTreasure": true,
                "level": 3,
              },
            },
            "expeditionId": "Ce850x17_",
            "id": "0t22iBGUff",
            "nextBranchId": "wXBtzLO1bM",
            "status": "locked",
            "tries": 0,
            "type": "battle",
          },
          "CvghslX3mK": Object {
            "config": Object {
              "newUBNCards": Object {
                "addRandom": false,
                "type": "regular",
              },
              "tier": 1,
              "treasure": Object {
                "hasTreasure": true,
                "level": 1,
              },
            },
            "expeditionId": "Ce850x17_",
            "id": "CvghslX3mK",
            "nemesisId": "KnightOfShackles",
            "nextBranchId": "YBsJLx4PfV",
            "rewards": Object {
              "supplyIds": Array [
                "DiamondCluster",
                "PainConduit",
                "ThoughtformFamiliar",
              ],
              "treasure": Array [
                "SparrowsAid",
                "MistsAmethystParagon",
                "BramasBuriedLight",
                "XaxosPyre",
                "IndirasLoneOpal",
              ],
            },
            "status": "finished",
            "tries": 2,
            "type": "battle",
          },
          "YBsJLx4PfV": Object {
            "config": Object {
              "newUBNCards": Object {
                "addRandom": true,
                "type": "regular",
              },
              "tier": 2,
              "treasure": Object {
                "hasTreasure": true,
                "level": 2,
              },
            },
            "expeditionId": "Ce850x17_",
            "id": "YBsJLx4PfV",
            "nextBranchId": "0t22iBGUff",
            "status": "unlocked",
            "tries": 0,
            "type": "battle",
          },
          "wXBtzLO1bM": Object {
            "config": Object {
              "newUBNCards": Object {
                "addRandom": true,
                "type": "regular",
              },
              "tier": 4,
              "treasure": Object {
                "hasTreasure": false,
              },
            },
            "expeditionId": "Ce850x17_",
            "id": "wXBtzLO1bM",
            "nextBranchId": undefined,
            "status": "locked",
            "tries": 0,
            "type": "battle",
          },
        },
        "firstBranchId": "CvghslX3mK",
      },
      "settingsSnapshot": Object {
        "availableCardIds": Array [
          "DiamondCluster",
          "ChaosArc",
          "Ignite",
          "EssenceTheft",
          "SearingRuby",
          "FeralLightning",
          "PlanarInsight",
          "SpectralEcho",
          "BurningOpal",
          "ConsumingVoid",
          "UnstablePrism",
          "CloudedSapphire",
          "MagesTalisman",
          "FlexingDagger",
          "LavaTendril",
          "BottledVortex",
          "ArcaneNexus",
          "DarkFire",
          "PhoenixFlame",
          "Jade",
          "AmplifyVision",
          "VriswoodAmber",
          "BlastingStaff",
          "SiftersPearl",
          "WildfireWhip",
          "FocusingOrb",
          "OblivionSwell",
          "TripliteCore",
          "NerveJab",
          "DoubleTap",
          "ObliviumResin",
          "Summonite",
          "ManifoldContainer",
          "DrainingTouch",
          "JoltingCrust",
          "MentiteChunk",
          "SoulCords",
          "VoidiumSpike",
          "PrecisionShot",
          "MutedLacosite",
          "BladeOfWisdom",
          "StunningForce",
          "FlashOfIntellect",
          "ScholarsOpus",
          "BottledStar",
          "BurningCurrent",
          "PsychicEruption",
          "LivingGauntlet",
          "ShiningTetrite",
          "VoidBond",
          "Combustion",
          "VimDynamo",
          "DisintegratingScythe",
          "MonstrousInferno",
          "DevouringShadow",
          "BanishingTopaz",
          "Transmogrifier",
          "JeweledBrain",
          "BlastSphere",
          "WoundMender",
          "LurkingSionite",
          "UnrefinedBlaststone",
          "Exogranite",
          "RecurringJasper",
          "EnergizedRubidium",
          "ResonantPearl",
          "CagedFire",
          "GalvanizedBauble",
          "AetherConduit",
          "WellOfEnergy",
          "PainConduit",
          "LinkConduit",
          "MarbleGalaxy",
          "DelugeOfPower",
          "ReverberatingShock",
          "FatalHarmony",
          "BouncingBoom",
          "SpiritLift",
          "Tethered Darts",
          "ForceAmplifier",
          "ImbuedSmash",
          "PatternStrike",
          "MoltenHammer",
          "Radiance",
          "Blaze",
          "ScryingBolt",
          "SagesBrand",
          "LeechingAgate",
          "TemporalHelix",
          "Char",
          "AlienElement",
          "Scorch",
          "Pyromancy",
          "FeedbackAura",
          "Catalyst",
          "PainStone",
          "AstralCube",
          "RiddleSphere",
          "NetherConduit",
          "HauntedBerylite",
          "Olivinite",
          "CacheGlass",
          "ReflectiveConduit",
          "WillWeaver",
          "BreachSeeker",
          "CrescendoRay",
          "StormVapors",
          "MantraOfStrength",
          "EmbodyFlame",
          "SnapRitual",
          "ShiningFluorite",
          "PolyphaseTurbine",
          "BreachExtractor",
          "FocusingConduit",
          "DualFlash",
          "DustCaller",
          "SymbioticSynapse",
          "FossilizedScarab",
          "ThermalDart",
          "Resonate",
          "Conflagration",
          "DimensionalKey",
          "InnerFire",
          "Fulminate",
          "EternityCharm",
          "ErraticIngot",
          "ReduceToAsh",
          "VortexGauntlet",
          "Carbonize",
          "Equilibrium",
          "VolcanicGlass",
          "ConvectionField",
          "JaggedLightning",
          "BloodstoneJewel",
          "Kindle",
          "ThoughtformFamiliar",
          "Crystallize",
          "FieryTorrent",
          "CelestialSpire",
          "ConjureTheLost",
          "NovaForge",
          "DreadDiamond",
          "CairnCompass",
          "ScoriaSlag",
          "BreachOre",
          "FiendCatcher",
          "PyrotechnicSurge",
          "Aurora",
          "ConclaveScroll",
          "PrimordialFetish",
          "FrozenMagmite",
          "MagesTotem",
          "DrownInFlames",
          "FleetingVision",
          "SplinterMissile",
          "EchoStone",
          "ThievingSpirit",
          "FracturedQuartz",
          "RockLauncher",
          "AbacusOfIgnition",
          "IlluminatingFlame",
          "ChronalArc",
        ],
        "availableMageIds": Array [
          "Adelheim",
          "Brama",
          "Jian",
          "Kadir",
          "Lash",
          "Mist",
          "Phaedraxa",
          "Xaxos",
          "Nym",
          "Reeve",
          "Zhana",
          "Inco",
          "Razra",
          "Sahala",
          "Gygar",
          "Soskel",
          "Taqren",
          "Talix",
          "Rhia",
          "Claudia",
          "Lost",
          "Malastar",
          "Indira",
          "Remnant",
          "Nook",
          "Mazra",
          "Qu",
          "Sparrow",
          "XaxosTV",
          "Dezmodia",
          "Garu",
          "Gex",
          "Mazahaedron",
          "MistWE",
          "Quilius",
          "Ulgimor",
          "YanMagda",
        ],
        "availableNemesisIds": Array [
          "CarapaceQueen",
          "CrookedMask",
          "PrinceOfGluttons",
          "Rageborne",
          "HordeCrone",
          "Necroswarm",
          "Maggoth",
          "Arachnos",
          "AgelessWalker",
          "Fenrix",
          "BlightLord",
          "WaywardOne",
          "ThriceDeadProphet",
          "Wraithmonger",
          "TheWailing",
          "TheWanderer",
          "KnightOfShackles",
          "MaidenOfThorns",
          "GateWitch",
          "HollowCrown",
          "MagusOfCloaks",
          "UmbraTitan",
        ],
        "availableTreasureIds": Array [
          "DezmodiasOblivionShard",
          "UlgimorsCoalFragment",
          "IndirasLoneOpal",
          "MistsAmethystParagon",
          "MalastarsImmolate",
          "YanMagdasIlluminate",
          "EyeOfTheMaelstrom",
          "WellOfDespair",
          "CronesAmulet",
          "EdibleFungusChunks",
          "UmbralHornOfWar",
          "TheBrokenMask",
          "AlchemistsAlembic",
          "SoothsayersPouch",
          "SuppressingPin",
          "Quicksilver",
          "BandOfRetrieval",
          "PurifiedBangle",
          "KadirsEmeraldShard",
          "GexsShatteredGeode",
          "JiansMoonstoneShard",
          "LashsQuartzShard",
          "XaxosFlare",
          "AdelheimsAmethystShard",
          "BramasBuriedLight",
          "GarusTorch",
          "XaxosPyre",
          "MistsGarnetShard",
          "ShimmeringCloakOfTheMagus",
          "ImbuedShackles",
          "GluttonsTooth",
          "CoreOfRage",
          "CleansingAmulet",
          "CarapaceFragement",
          "ThornedWhip",
          "BonesOfDeathmind",
          "AcceleratingGauntlets",
          "EssenceExtractor",
          "BroochOfAttunment",
          "BladedCrystal",
          "PrismOfDestruction",
          "ForgottenTrinket",
          "PrecisionMagnifier",
          "ShroudOfObfucation",
          "VerdantStaff",
          "FlowingMantle",
          "MazahaedronsWorldheartShard",
          "PhaedraxasTourmalineShard",
          "FracturedShell",
          "Extra-DimensionalLens",
          "SeersBracer",
          "RemnantsVoidShard",
          "QuiliussErasure",
          "ZhanasFleetingEmber",
          "BlightedRootClump",
          "PetrifiedWitchFinger",
          "WaywardScraps",
          "TrueSightMonocle",
          "EntwinedAetherStrands",
          "SiphoningBlade",
          "GemEncrustedAnklet",
          "ReevesRavenShard",
          "NymsVision",
          "SparrowsAid",
          "WraithsEssence",
          "VolatileClasp",
          "BreachStabilizer",
          "FangedChoker",
          "EndlessBandolier",
        ],
        "availableUpgradedBasicNemesisCardIds": Array [
          "HissingAcid",
          "Wreck",
          "BaneCommander",
          "SkyTremor",
          "EngulfingMadness",
          "Separate",
          "NeedleDoom",
          "Marked",
          "Eradicate",
          "FlashOfDecay",
          "Terrify",
          "RayOfDesolation",
          "ThunderousTempest",
          "Sacrifice",
          "Burialskulk",
          "Rupture",
          "FurrowOfDestruction",
          "Mangle",
          "HowlingSlayer",
        ],
        "supplySetup": Object {
          "active": true,
          "default": true,
          "id": "random",
          "name": "Random Setup (Default)",
          "tiles": Array [
            Object {
              "operation": "ANY",
              "type": "Gem",
            },
            Object {
              "operation": "ANY",
              "type": "Gem",
            },
            Object {
              "operation": "ANY",
              "type": "Gem",
            },
            Object {
              "operation": "ANY",
              "type": "Relic",
            },
            Object {
              "operation": "ANY",
              "type": "Relic",
            },
            Object {
              "operation": "ANY",
              "type": "Spell",
            },
            Object {
              "operation": "ANY",
              "type": "Spell",
            },
            Object {
              "operation": "ANY",
              "type": "Spell",
            },
            Object {
              "operation": "ANY",
              "type": "Spell",
            },
          ],
          "type": "official",
        },
        "usedExpansions": Array [
          "AE",
          "BS",
          "Depths",
          "IW",
          "NA",
          "Nameless",
          "OD",
          "SD",
          "TA",
          "TV",
          "WE",
          "promos",
        ],
      },
      "upgradedBasicNemesisCards": Array [],
    },
    "HPEBVeG9": Object {
      "banished": Array [],
      "barracks": Object {
        "mageIds": Array [
          "Mazahaedron",
          "Gex",
          "Garu",
          "Dezmodia",
        ],
        "supplyIds": Array [
          "LurkingSionite",
          "SearingRuby",
          "ShiningFluorite",
          "FlexingDagger",
          "VortexGauntlet",
          "PrecisionShot",
          "Tethered Darts",
          "FleetingVision",
          "EssenceTheft",
        ],
        "treasureIds": Array [],
      },
      "bigPocketVariant": false,
      "finished": false,
      "id": "HPEBVeG9",
      "migrationVersion": 2020030401,
      "name": "Jakanytepopel",
      "score": 0,
      "seed": Object {
        "seed": "HPEBVeG9",
        "state": Object {
          "S": Array [
            60,
            141,
            74,
            133,
            148,
            251,
            151,
            201,
            66,
            235,
            48,
            184,
            205,
            118,
            37,
            9,
            135,
            203,
            166,
            162,
            85,
            57,
            204,
            245,
            84,
            159,
            45,
            1,
            224,
            63,
            22,
            158,
            213,
            41,
            64,
            30,
            181,
            98,
            185,
            71,
            95,
            241,
            140,
            69,
            54,
            208,
            116,
            53,
            149,
            6,
            31,
            39,
            52,
            93,
            44,
            128,
            170,
            124,
            221,
            227,
            192,
            0,
            121,
            196,
            50,
            3,
            136,
            79,
            130,
            132,
            78,
            134,
            143,
            177,
            125,
            157,
            152,
            86,
            56,
            24,
            13,
            97,
            112,
            206,
            100,
            189,
            195,
            117,
            182,
            230,
            65,
            255,
            137,
            207,
            160,
            191,
            172,
            129,
            8,
            88,
            26,
            216,
            222,
            173,
            113,
            183,
            123,
            27,
            199,
            169,
            2,
            234,
            29,
            243,
            46,
            23,
            146,
            242,
            36,
            67,
            180,
            47,
            42,
            198,
            209,
            90,
            254,
            21,
            253,
            40,
            19,
            70,
            72,
            236,
            20,
            200,
            120,
            109,
            212,
            138,
            110,
            142,
            83,
            59,
            217,
            228,
            232,
            244,
            194,
            249,
            187,
            246,
            153,
            145,
            186,
            43,
            223,
            154,
            225,
            150,
            94,
            239,
            139,
            155,
            82,
            240,
            105,
            81,
            144,
            210,
            58,
            156,
            12,
            214,
            92,
            176,
            49,
            168,
            96,
            106,
            250,
            18,
            126,
            111,
            226,
            231,
            211,
            165,
            178,
            237,
            62,
            107,
            14,
            4,
            89,
            10,
            77,
            188,
            55,
            7,
            252,
            114,
            174,
            147,
            248,
            247,
            164,
            131,
            122,
            28,
            197,
            190,
            38,
            175,
            34,
            202,
            5,
            76,
            80,
            219,
            233,
            220,
            33,
            51,
            115,
            163,
            73,
            127,
            103,
            161,
            11,
            238,
            215,
            101,
            193,
            218,
            61,
            99,
            25,
            32,
            17,
            229,
            108,
            167,
            179,
            87,
            75,
            102,
            119,
            171,
            68,
            104,
            91,
            16,
            35,
            15,
          ],
          "i": 73,
          "j": 79,
        },
      },
      "sequence": Object {
        "branches": Object {
          "0WfVFTsXB": Object {
            "config": Object {
              "newUBNCards": Object {
                "addRandom": true,
                "type": "regular",
              },
              "tier": 3,
              "treasure": Object {
                "hasTreasure": true,
                "level": 3,
              },
            },
            "expeditionId": "HPEBVeG9",
            "id": "0WfVFTsXB",
            "nextBranchId": "RLqy87hY8",
            "status": "locked",
            "tries": 0,
            "type": "battle",
          },
          "RLqy87hY8": Object {
            "config": Object {
              "newUBNCards": Object {
                "addRandom": true,
                "type": "regular",
              },
              "tier": 4,
              "treasure": Object {
                "hasTreasure": false,
              },
            },
            "expeditionId": "HPEBVeG9",
            "id": "RLqy87hY8",
            "nextBranchId": undefined,
            "status": "locked",
            "tries": 0,
            "type": "battle",
          },
          "sJUKZWynf": Object {
            "config": Object {
              "newUBNCards": Object {
                "addRandom": false,
                "type": "regular",
              },
              "tier": 1,
              "treasure": Object {
                "hasTreasure": true,
                "level": 1,
              },
            },
            "expeditionId": "HPEBVeG9",
            "id": "sJUKZWynf",
            "nextBranchId": "wgH5bJGS-",
            "status": "unlocked",
            "tries": 0,
            "type": "battle",
          },
          "wgH5bJGS-": Object {
            "config": Object {
              "newUBNCards": Object {
                "addRandom": true,
                "type": "regular",
              },
              "tier": 2,
              "treasure": Object {
                "hasTreasure": true,
                "level": 2,
              },
            },
            "expeditionId": "HPEBVeG9",
            "id": "wgH5bJGS-",
            "nextBranchId": "0WfVFTsXB",
            "status": "locked",
            "tries": 0,
            "type": "battle",
          },
        },
        "firstBranchId": "sJUKZWynf",
      },
      "settingsSnapshot": Object {
        "availableCardIds": Array [
          "DiamondCluster",
          "ChaosArc",
          "Ignite",
          "EssenceTheft",
          "SearingRuby",
          "FeralLightning",
          "PlanarInsight",
          "SpectralEcho",
          "BurningOpal",
          "ConsumingVoid",
          "UnstablePrism",
          "CloudedSapphire",
          "MagesTalisman",
          "FlexingDagger",
          "LavaTendril",
          "BottledVortex",
          "ArcaneNexus",
          "DarkFire",
          "PhoenixFlame",
          "Jade",
          "AmplifyVision",
          "VriswoodAmber",
          "BlastingStaff",
          "SiftersPearl",
          "WildfireWhip",
          "FocusingOrb",
          "OblivionSwell",
          "TripliteCore",
          "NerveJab",
          "DoubleTap",
          "ObliviumResin",
          "Summonite",
          "ManifoldContainer",
          "DrainingTouch",
          "JoltingCrust",
          "MentiteChunk",
          "SoulCords",
          "VoidiumSpike",
          "PrecisionShot",
          "MutedLacosite",
          "BladeOfWisdom",
          "StunningForce",
          "FlashOfIntellect",
          "ScholarsOpus",
          "BottledStar",
          "BurningCurrent",
          "PsychicEruption",
          "LivingGauntlet",
          "ShiningTetrite",
          "VoidBond",
          "Combustion",
          "VimDynamo",
          "DisintegratingScythe",
          "MonstrousInferno",
          "DevouringShadow",
          "BanishingTopaz",
          "Transmogrifier",
          "JeweledBrain",
          "BlastSphere",
          "WoundMender",
          "LurkingSionite",
          "UnrefinedBlaststone",
          "Exogranite",
          "RecurringJasper",
          "EnergizedRubidium",
          "ResonantPearl",
          "CagedFire",
          "GalvanizedBauble",
          "AetherConduit",
          "WellOfEnergy",
          "PainConduit",
          "LinkConduit",
          "MarbleGalaxy",
          "DelugeOfPower",
          "ReverberatingShock",
          "FatalHarmony",
          "BouncingBoom",
          "SpiritLift",
          "Tethered Darts",
          "ForceAmplifier",
          "ImbuedSmash",
          "PatternStrike",
          "MoltenHammer",
          "Radiance",
          "Blaze",
          "ScryingBolt",
          "SagesBrand",
          "LeechingAgate",
          "TemporalHelix",
          "Char",
          "AlienElement",
          "Scorch",
          "Pyromancy",
          "FeedbackAura",
          "Catalyst",
          "PainStone",
          "AstralCube",
          "RiddleSphere",
          "NetherConduit",
          "HauntedBerylite",
          "Olivinite",
          "CacheGlass",
          "ReflectiveConduit",
          "WillWeaver",
          "BreachSeeker",
          "CrescendoRay",
          "StormVapors",
          "MantraOfStrength",
          "EmbodyFlame",
          "SnapRitual",
          "ShiningFluorite",
          "PolyphaseTurbine",
          "BreachExtractor",
          "FocusingConduit",
          "DualFlash",
          "DustCaller",
          "SymbioticSynapse",
          "FossilizedScarab",
          "ThermalDart",
          "Resonate",
          "Conflagration",
          "DimensionalKey",
          "InnerFire",
          "Fulminate",
          "EternityCharm",
          "ErraticIngot",
          "ReduceToAsh",
          "VortexGauntlet",
          "Carbonize",
          "Equilibrium",
          "VolcanicGlass",
          "ConvectionField",
          "JaggedLightning",
          "BloodstoneJewel",
          "Kindle",
          "ThoughtformFamiliar",
          "Crystallize",
          "FieryTorrent",
          "CelestialSpire",
          "ConjureTheLost",
          "NovaForge",
          "DreadDiamond",
          "CairnCompass",
          "ScoriaSlag",
          "BreachOre",
          "FiendCatcher",
          "PyrotechnicSurge",
          "Aurora",
          "ConclaveScroll",
          "PrimordialFetish",
          "FrozenMagmite",
          "MagesTotem",
          "DrownInFlames",
          "FleetingVision",
          "SplinterMissile",
          "EchoStone",
          "ThievingSpirit",
          "FracturedQuartz",
          "RockLauncher",
          "AbacusOfIgnition",
          "IlluminatingFlame",
          "ChronalArc",
        ],
        "availableMageIds": Array [
          "Adelheim",
          "Brama",
          "Jian",
          "Kadir",
          "Lash",
          "Mist",
          "Phaedraxa",
          "Xaxos",
          "Nym",
          "Reeve",
          "Zhana",
          "Inco",
          "Razra",
          "Sahala",
          "Gygar",
          "Soskel",
          "Taqren",
          "Talix",
          "Rhia",
          "Claudia",
          "Lost",
          "Malastar",
          "Indira",
          "Remnant",
          "Nook",
          "Mazra",
          "Qu",
          "Sparrow",
          "XaxosTV",
          "Dezmodia",
          "Garu",
          "Gex",
          "Mazahaedron",
          "MistWE",
          "Quilius",
          "Ulgimor",
          "YanMagda",
        ],
        "availableNemesisIds": Array [
          "CarapaceQueen",
          "CrookedMask",
          "PrinceOfGluttons",
          "Rageborne",
          "HordeCrone",
          "Necroswarm",
          "Maggoth",
          "Arachnos",
          "AgelessWalker",
          "Fenrix",
          "BlightLord",
          "WaywardOne",
          "ThriceDeadProphet",
          "Wraithmonger",
          "TheWailing",
          "TheWanderer",
          "KnightOfShackles",
          "MaidenOfThorns",
          "GateWitch",
          "HollowCrown",
          "MagusOfCloaks",
          "UmbraTitan",
        ],
        "availableTreasureIds": Array [
          "DezmodiasOblivionShard",
          "UlgimorsCoalFragment",
          "IndirasLoneOpal",
          "MistsAmethystParagon",
          "MalastarsImmolate",
          "YanMagdasIlluminate",
          "EyeOfTheMaelstrom",
          "WellOfDespair",
          "CronesAmulet",
          "EdibleFungusChunks",
          "UmbralHornOfWar",
          "TheBrokenMask",
          "AlchemistsAlembic",
          "SoothsayersPouch",
          "SuppressingPin",
          "Quicksilver",
          "BandOfRetrieval",
          "PurifiedBangle",
          "KadirsEmeraldShard",
          "GexsShatteredGeode",
          "JiansMoonstoneShard",
          "LashsQuartzShard",
          "XaxosFlare",
          "AdelheimsAmethystShard",
          "BramasBuriedLight",
          "GarusTorch",
          "XaxosPyre",
          "MistsGarnetShard",
          "ShimmeringCloakOfTheMagus",
          "ImbuedShackles",
          "GluttonsTooth",
          "CoreOfRage",
          "CleansingAmulet",
          "CarapaceFragement",
          "ThornedWhip",
          "BonesOfDeathmind",
          "AcceleratingGauntlets",
          "EssenceExtractor",
          "BroochOfAttunment",
          "BladedCrystal",
          "PrismOfDestruction",
          "ForgottenTrinket",
          "PrecisionMagnifier",
          "ShroudOfObfucation",
          "VerdantStaff",
          "FlowingMantle",
          "MazahaedronsWorldheartShard",
          "PhaedraxasTourmalineShard",
          "FracturedShell",
          "Extra-DimensionalLens",
          "SeersBracer",
          "RemnantsVoidShard",
          "QuiliussErasure",
          "ZhanasFleetingEmber",
          "BlightedRootClump",
          "PetrifiedWitchFinger",
          "WaywardScraps",
          "TrueSightMonocle",
          "EntwinedAetherStrands",
          "SiphoningBlade",
          "GemEncrustedAnklet",
          "ReevesRavenShard",
          "NymsVision",
          "SparrowsAid",
          "WraithsEssence",
          "VolatileClasp",
          "BreachStabilizer",
          "FangedChoker",
          "EndlessBandolier",
        ],
        "availableUpgradedBasicNemesisCardIds": Array [
          "HissingAcid",
          "Wreck",
          "BaneCommander",
          "SkyTremor",
          "EngulfingMadness",
          "Separate",
          "NeedleDoom",
          "Marked",
          "Eradicate",
          "FlashOfDecay",
          "Terrify",
          "RayOfDesolation",
          "ThunderousTempest",
          "Sacrifice",
          "Burialskulk",
          "Rupture",
          "FurrowOfDestruction",
          "Mangle",
          "HowlingSlayer",
        ],
        "supplySetup": Object {
          "active": true,
          "default": true,
          "id": "random",
          "name": "Random Setup (Default)",
          "tiles": Array [
            Object {
              "operation": "ANY",
              "type": "Gem",
            },
            Object {
              "operation": "ANY",
              "type": "Gem",
            },
            Object {
              "operation": "ANY",
              "type": "Gem",
            },
            Object {
              "operation": "ANY",
              "type": "Relic",
            },
            Object {
              "operation": "ANY",
              "type": "Relic",
            },
            Object {
              "operation": "ANY",
              "type": "Spell",
            },
            Object {
              "operation": "ANY",
              "type": "Spell",
            },
            Object {
              "operation": "ANY",
              "type": "Spell",
            },
            Object {
              "operation": "ANY",
              "type": "Spell",
            },
          ],
          "type": "official",
        },
        "usedExpansions": Array [
          "AE",
          "BS",
          "Depths",
          "IW",
          "NA",
          "Nameless",
          "OD",
          "SD",
          "TA",
          "TV",
          "WE",
          "promos",
        ],
      },
      "upgradedBasicNemesisCards": Array [],
    },
    "V884fJ4MT": Object {
      "banished": Array [],
      "barracks": Object {
        "mageIds": Array [
          "Dezmodia",
          "XaxosTV",
          "Sparrow",
          "Garu",
        ],
        "supplyIds": Array [
          "DiamondCluster",
          "AlienElement",
          "ObliviumResin",
          "AetherConduit",
          "ManifoldContainer",
          "DualFlash",
          "Tethered Darts",
          "FlashOfIntellect",
          "FeralLightning",
        ],
        "treasureIds": Array [
          "YanMagdasIlluminate",
          "ReevesRavenShard",
          "LashsQuartzShard",
          "BramasBuriedLight",
          "AdelheimsAmethystShard",
        ],
      },
      "bigPocketVariant": false,
      "finished": false,
      "id": "V884fJ4MT",
      "migrationVersion": 2020030401,
      "name": "",
      "score": 0,
      "seed": Object {
        "nemesisState": true,
        "seed": "V884fJ4MT",
        "supplyState": Object {
          "S": Array [
            162,
            106,
            129,
            17,
            35,
            173,
            135,
            113,
            216,
            74,
            247,
            16,
            52,
            116,
            110,
            119,
            5,
            43,
            251,
            211,
            131,
            242,
            91,
            201,
            34,
            47,
            69,
            143,
            196,
            195,
            103,
            68,
            145,
            73,
            26,
            161,
            166,
            100,
            70,
            125,
            33,
            42,
            62,
            95,
            154,
            6,
            202,
            120,
            4,
            198,
            189,
            97,
            156,
            0,
            246,
            191,
            45,
            237,
            28,
            142,
            24,
            84,
            58,
            117,
            219,
            11,
            209,
            208,
            193,
            51,
            184,
            197,
            80,
            144,
            199,
            139,
            133,
            10,
            101,
            147,
            111,
            194,
            225,
            66,
            115,
            105,
            235,
            158,
            221,
            171,
            56,
            204,
            253,
            114,
            9,
            15,
            107,
            21,
            210,
            122,
            238,
            102,
            223,
            141,
            72,
            185,
            181,
            213,
            19,
            140,
            46,
            134,
            83,
            86,
            138,
            81,
            89,
            13,
            207,
            67,
            31,
            77,
            108,
            240,
            29,
            41,
            123,
            205,
            61,
            230,
            172,
            239,
            254,
            25,
            179,
            54,
            92,
            49,
            167,
            146,
            249,
            245,
            87,
            96,
            65,
            76,
            78,
            130,
            79,
            126,
            228,
            8,
            160,
            226,
            234,
            85,
            231,
            90,
            180,
            30,
            50,
            109,
            127,
            188,
            48,
            243,
            168,
            192,
            229,
            38,
            169,
            250,
            149,
            71,
            63,
            53,
            118,
            94,
            174,
            18,
            190,
            20,
            252,
            148,
            23,
            44,
            206,
            212,
            152,
            163,
            236,
            128,
            39,
            218,
            157,
            136,
            155,
            36,
            164,
            151,
            7,
            112,
            177,
            32,
            248,
            178,
            241,
            99,
            217,
            88,
            75,
            27,
            182,
            222,
            227,
            121,
            150,
            57,
            176,
            153,
            159,
            224,
            175,
            2,
            132,
            200,
            233,
            124,
            64,
            1,
            137,
            170,
            98,
            14,
            59,
            215,
            232,
            3,
            22,
            40,
            203,
            60,
            183,
            93,
            186,
            214,
            82,
            12,
            187,
            165,
            104,
            255,
            244,
            55,
            37,
            220,
          ],
          "i": 107,
          "j": 146,
        },
      },
      "sequence": Object {
        "branches": Object {
          "4tihtCjRTv": Object {
            "config": Object {
              "newUBNCards": Object {
                "addRandom": true,
                "type": "regular",
              },
              "tier": 2,
              "treasure": Object {
                "hasTreasure": true,
                "level": 2,
              },
            },
            "expeditionId": "V884fJ4MT",
            "id": "4tihtCjRTv",
            "nextBranchId": "8NbPmkdCrn",
            "status": "unlocked",
            "tries": 0,
            "type": "battle",
          },
          "8NbPmkdCrn": Object {
            "config": Object {
              "newUBNCards": Object {
                "addRandom": true,
                "type": "regular",
              },
              "tier": 3,
              "treasure": Object {
                "hasTreasure": true,
                "level": 3,
              },
            },
            "expeditionId": "V884fJ4MT",
            "id": "8NbPmkdCrn",
            "nextBranchId": "Ptqy1NGiT2",
            "status": "locked",
            "tries": 0,
            "type": "battle",
          },
          "Ptqy1NGiT2": Object {
            "config": Object {
              "newUBNCards": Object {
                "addRandom": true,
                "type": "regular",
              },
              "tier": 4,
              "treasure": Object {
                "hasTreasure": false,
              },
            },
            "expeditionId": "V884fJ4MT",
            "id": "Ptqy1NGiT2",
            "nextBranchId": undefined,
            "status": "locked",
            "tries": 0,
            "type": "battle",
          },
        },
        "firstBranchId": "4tihtCjRTv",
      },
      "settingsSnapshot": Object {
        "availableCardIds": Array [
          "DiamondCluster",
          "ChaosArc",
          "Ignite",
          "EssenceTheft",
          "SearingRuby",
          "FeralLightning",
          "PlanarInsight",
          "SpectralEcho",
          "BurningOpal",
          "ConsumingVoid",
          "UnstablePrism",
          "CloudedSapphire",
          "MagesTalisman",
          "FlexingDagger",
          "LavaTendril",
          "BottledVortex",
          "ArcaneNexus",
          "DarkFire",
          "PhoenixFlame",
          "Jade",
          "AmplifyVision",
          "VriswoodAmber",
          "BlastingStaff",
          "SiftersPearl",
          "WildfireWhip",
          "FocusingOrb",
          "OblivionSwell",
          "TripliteCore",
          "NerveJab",
          "DoubleTap",
          "ObliviumResin",
          "Summonite",
          "ManifoldContainer",
          "DrainingTouch",
          "JoltingCrust",
          "MentiteChunk",
          "SoulCords",
          "VoidiumSpike",
          "PrecisionShot",
          "MutedLacosite",
          "BladeOfWisdom",
          "StunningForce",
          "FlashOfIntellect",
          "ScholarsOpus",
          "BottledStar",
          "BurningCurrent",
          "PsychicEruption",
          "LivingGauntlet",
          "ShiningTetrite",
          "VoidBond",
          "Combustion",
          "VimDynamo",
          "DisintegratingScythe",
          "MonstrousInferno",
          "DevouringShadow",
          "BanishingTopaz",
          "Transmogrifier",
          "JeweledBrain",
          "BlastSphere",
          "WoundMender",
          "LurkingSionite",
          "UnrefinedBlaststone",
          "Exogranite",
          "RecurringJasper",
          "EnergizedRubidium",
          "ResonantPearl",
          "CagedFire",
          "GalvanizedBauble",
          "AetherConduit",
          "WellOfEnergy",
          "PainConduit",
          "LinkConduit",
          "MarbleGalaxy",
          "DelugeOfPower",
          "ReverberatingShock",
          "FatalHarmony",
          "BouncingBoom",
          "SpiritLift",
          "Tethered Darts",
          "ForceAmplifier",
          "ImbuedSmash",
          "PatternStrike",
          "MoltenHammer",
          "Radiance",
          "Blaze",
          "ScryingBolt",
          "SagesBrand",
          "LeechingAgate",
          "TemporalHelix",
          "Char",
          "AlienElement",
          "Scorch",
          "Pyromancy",
          "FeedbackAura",
          "Catalyst",
          "PainStone",
          "AstralCube",
          "RiddleSphere",
          "NetherConduit",
          "HauntedBerylite",
          "Olivinite",
          "CacheGlass",
          "ReflectiveConduit",
          "WillWeaver",
          "BreachSeeker",
          "CrescendoRay",
          "StormVapors",
          "MantraOfStrength",
          "EmbodyFlame",
          "SnapRitual",
          "ShiningFluorite",
          "PolyphaseTurbine",
          "BreachExtractor",
          "FocusingConduit",
          "DualFlash",
          "DustCaller",
          "SymbioticSynapse",
          "FossilizedScarab",
          "ThermalDart",
          "Resonate",
          "Conflagration",
          "DimensionalKey",
          "InnerFire",
          "Fulminate",
          "EternityCharm",
          "ErraticIngot",
          "ReduceToAsh",
          "VortexGauntlet",
          "Carbonize",
          "Equilibrium",
          "VolcanicGlass",
          "ConvectionField",
          "JaggedLightning",
          "BloodstoneJewel",
          "Kindle",
          "ThoughtformFamiliar",
          "Crystallize",
          "FieryTorrent",
          "CelestialSpire",
          "ConjureTheLost",
          "NovaForge",
          "DreadDiamond",
          "CairnCompass",
          "ScoriaSlag",
          "BreachOre",
          "FiendCatcher",
          "PyrotechnicSurge",
          "Aurora",
          "ConclaveScroll",
          "PrimordialFetish",
          "FrozenMagmite",
          "MagesTotem",
          "DrownInFlames",
          "FleetingVision",
          "SplinterMissile",
          "EchoStone",
          "ThievingSpirit",
          "FracturedQuartz",
          "RockLauncher",
          "AbacusOfIgnition",
          "IlluminatingFlame",
          "ChronalArc",
        ],
        "availableMageIds": Array [
          "Adelheim",
          "Brama",
          "Jian",
          "Kadir",
          "Lash",
          "Mist",
          "Phaedraxa",
          "Xaxos",
          "Nym",
          "Reeve",
          "Zhana",
          "Inco",
          "Razra",
          "Sahala",
          "Gygar",
          "Soskel",
          "Taqren",
          "Talix",
          "Rhia",
          "Claudia",
          "Lost",
          "Malastar",
          "Indira",
          "Remnant",
          "Nook",
          "Mazra",
          "Qu",
          "Sparrow",
          "XaxosTV",
          "Dezmodia",
          "Garu",
          "Gex",
          "Mazahaedron",
          "MistWE",
          "Quilius",
          "Ulgimor",
          "YanMagda",
        ],
        "availableNemesisIds": Array [
          "CarapaceQueen",
          "CrookedMask",
          "PrinceOfGluttons",
          "Rageborne",
          "HordeCrone",
          "Necroswarm",
          "Maggoth",
          "Arachnos",
          "AgelessWalker",
          "Fenrix",
          "BlightLord",
          "WaywardOne",
          "ThriceDeadProphet",
          "Wraithmonger",
          "TheWailing",
          "TheWanderer",
          "KnightOfShackles",
          "MaidenOfThorns",
          "GateWitch",
          "HollowCrown",
          "MagusOfCloaks",
          "UmbraTitan",
        ],
        "availableTreasureIds": Array [
          "DezmodiasOblivionShard",
          "UlgimorsCoalFragment",
          "IndirasLoneOpal",
          "MistsAmethystParagon",
          "MalastarsImmolate",
          "YanMagdasIlluminate",
          "EyeOfTheMaelstrom",
          "WellOfDespair",
          "CronesAmulet",
          "EdibleFungusChunks",
          "UmbralHornOfWar",
          "TheBrokenMask",
          "AlchemistsAlembic",
          "SoothsayersPouch",
          "SuppressingPin",
          "Quicksilver",
          "BandOfRetrieval",
          "PurifiedBangle",
          "KadirsEmeraldShard",
          "GexsShatteredGeode",
          "JiansMoonstoneShard",
          "LashsQuartzShard",
          "XaxosFlare",
          "AdelheimsAmethystShard",
          "BramasBuriedLight",
          "GarusTorch",
          "XaxosPyre",
          "MistsGarnetShard",
          "ShimmeringCloakOfTheMagus",
          "ImbuedShackles",
          "GluttonsTooth",
          "CoreOfRage",
          "CleansingAmulet",
          "CarapaceFragement",
          "ThornedWhip",
          "BonesOfDeathmind",
          "AcceleratingGauntlets",
          "EssenceExtractor",
          "BroochOfAttunment",
          "BladedCrystal",
          "PrismOfDestruction",
          "ForgottenTrinket",
          "PrecisionMagnifier",
          "ShroudOfObfucation",
          "VerdantStaff",
          "FlowingMantle",
          "MazahaedronsWorldheartShard",
          "PhaedraxasTourmalineShard",
          "FracturedShell",
          "Extra-DimensionalLens",
          "SeersBracer",
          "RemnantsVoidShard",
          "QuiliussErasure",
          "ZhanasFleetingEmber",
          "BlightedRootClump",
          "PetrifiedWitchFinger",
          "WaywardScraps",
          "TrueSightMonocle",
          "EntwinedAetherStrands",
          "SiphoningBlade",
          "GemEncrustedAnklet",
          "ReevesRavenShard",
          "NymsVision",
          "SparrowsAid",
          "WraithsEssence",
          "VolatileClasp",
          "BreachStabilizer",
          "FangedChoker",
          "EndlessBandolier",
        ],
        "availableUpgradedBasicNemesisCardIds": Array [
          "HissingAcid",
          "Wreck",
          "BaneCommander",
          "SkyTremor",
          "EngulfingMadness",
          "Separate",
          "NeedleDoom",
          "Marked",
          "Eradicate",
          "FlashOfDecay",
          "Terrify",
          "RayOfDesolation",
          "ThunderousTempest",
          "Sacrifice",
          "Burialskulk",
          "Rupture",
          "FurrowOfDestruction",
          "Mangle",
          "HowlingSlayer",
        ],
        "supplySetup": Object {
          "active": true,
          "default": true,
          "id": "random",
          "name": "Random Setup (Default)",
          "tiles": Array [
            Object {
              "operation": "ANY",
              "type": "Gem",
            },
            Object {
              "operation": "ANY",
              "type": "Gem",
            },
            Object {
              "operation": "ANY",
              "type": "Gem",
            },
            Object {
              "operation": "ANY",
              "type": "Relic",
            },
            Object {
              "operation": "ANY",
              "type": "Relic",
            },
            Object {
              "operation": "ANY",
              "type": "Spell",
            },
            Object {
              "operation": "ANY",
              "type": "Spell",
            },
            Object {
              "operation": "ANY",
              "type": "Spell",
            },
            Object {
              "operation": "ANY",
              "type": "Spell",
            },
          ],
          "type": "official",
        },
        "usedExpansions": Array [
          "AE",
          "BS",
          "Depths",
          "IW",
          "NA",
          "Nameless",
          "OD",
          "SD",
          "TA",
          "TV",
          "WE",
          "promos",
        ],
      },
      "upgradedBasicNemesisCards": Array [],
    },
    "WITHOUT_SNAPSHOT": Object {
      "banished": Array [],
      "barracks": Object {
        "mageIds": Array [
          "Dezmodia",
          "XaxosTV",
          "Sparrow",
          "Garu",
        ],
        "supplyIds": Array [
          "DiamondCluster",
          "AlienElement",
          "ObliviumResin",
          "AetherConduit",
          "ManifoldContainer",
          "DualFlash",
          "Tethered Darts",
          "FlashOfIntellect",
          "FeralLightning",
        ],
        "treasureIds": Array [
          "YanMagdasIlluminate",
          "ReevesRavenShard",
          "LashsQuartzShard",
          "BramasBuriedLight",
          "AdelheimsAmethystShard",
        ],
      },
      "bigPocketVariant": false,
      "finished": false,
      "id": "WITHOUT_SNAPSHOT",
      "migrationVersion": 2020030401,
      "name": "",
      "score": 0,
      "seed": Object {
        "nemesisState": true,
        "seed": "WITHOUT_SNAPSHOT",
        "supplyState": Object {
          "S": Array [
            162,
            106,
            129,
            17,
            35,
            173,
            135,
            113,
            216,
            74,
            247,
            16,
            52,
            116,
            110,
            119,
            5,
            43,
            251,
            211,
            131,
            242,
            91,
            201,
            34,
            47,
            69,
            143,
            196,
            195,
            103,
            68,
            145,
            73,
            26,
            161,
            166,
            100,
            70,
            125,
            33,
            42,
            62,
            95,
            154,
            6,
            202,
            120,
            4,
            198,
            189,
            97,
            156,
            0,
            246,
            191,
            45,
            237,
            28,
            142,
            24,
            84,
            58,
            117,
            219,
            11,
            209,
            208,
            193,
            51,
            184,
            197,
            80,
            144,
            199,
            139,
            133,
            10,
            101,
            147,
            111,
            194,
            225,
            66,
            115,
            105,
            235,
            158,
            221,
            171,
            56,
            204,
            253,
            114,
            9,
            15,
            107,
            21,
            210,
            122,
            238,
            102,
            223,
            141,
            72,
            185,
            181,
            213,
            19,
            140,
            46,
            134,
            83,
            86,
            138,
            81,
            89,
            13,
            207,
            67,
            31,
            77,
            108,
            240,
            29,
            41,
            123,
            205,
            61,
            230,
            172,
            239,
            254,
            25,
            179,
            54,
            92,
            49,
            167,
            146,
            249,
            245,
            87,
            96,
            65,
            76,
            78,
            130,
            79,
            126,
            228,
            8,
            160,
            226,
            234,
            85,
            231,
            90,
            180,
            30,
            50,
            109,
            127,
            188,
            48,
            243,
            168,
            192,
            229,
            38,
            169,
            250,
            149,
            71,
            63,
            53,
            118,
            94,
            174,
            18,
            190,
            20,
            252,
            148,
            23,
            44,
            206,
            212,
            152,
            163,
            236,
            128,
            39,
            218,
            157,
            136,
            155,
            36,
            164,
            151,
            7,
            112,
            177,
            32,
            248,
            178,
            241,
            99,
            217,
            88,
            75,
            27,
            182,
            222,
            227,
            121,
            150,
            57,
            176,
            153,
            159,
            224,
            175,
            2,
            132,
            200,
            233,
            124,
            64,
            1,
            137,
            170,
            98,
            14,
            59,
            215,
            232,
            3,
            22,
            40,
            203,
            60,
            183,
            93,
            186,
            214,
            82,
            12,
            187,
            165,
            104,
            255,
            244,
            55,
            37,
            220,
          ],
          "i": 107,
          "j": 146,
        },
      },
      "sequence": Object {
        "branches": Object {
          "4tihtCjRTv": Object {
            "config": Object {
              "newUBNCards": Object {
                "addRandom": true,
                "type": "regular",
              },
              "tier": 2,
              "treasure": Object {
                "hasTreasure": true,
                "level": 2,
              },
            },
            "expeditionId": "WITHOUT_SNAPSHOT",
            "id": "4tihtCjRTv",
            "nextBranchId": "8NbPmkdCrn",
            "status": "unlocked",
            "tries": 0,
            "type": "battle",
          },
          "8NbPmkdCrn": Object {
            "config": Object {
              "newUBNCards": Object {
                "addRandom": true,
                "type": "regular",
              },
              "tier": 3,
              "treasure": Object {
                "hasTreasure": true,
                "level": 3,
              },
            },
            "expeditionId": "WITHOUT_SNAPSHOT",
            "id": "8NbPmkdCrn",
            "nextBranchId": "Ptqy1NGiT2",
            "status": "locked",
            "tries": 0,
            "type": "battle",
          },
          "Ptqy1NGiT2": Object {
            "config": Object {
              "newUBNCards": Object {
                "addRandom": true,
                "type": "regular",
              },
              "tier": 4,
              "treasure": Object {
                "hasTreasure": false,
              },
            },
            "expeditionId": "WITHOUT_SNAPSHOT",
            "id": "Ptqy1NGiT2",
            "nextBranchId": undefined,
            "status": "locked",
            "tries": 0,
            "type": "battle",
          },
        },
        "firstBranchId": "4tihtCjRTv",
      },
      "settingsSnapshot": Object {
        "availableCardIds": Array [
          "FeralLightning",
          "PlanarInsight",
          "SpectralEcho",
          "ConsumingVoid",
          "CloudedSapphire",
          "LavaTendril",
          "BottledVortex",
          "ArcaneNexus",
          "DarkFire",
          "PhoenixFlame",
          "Jade",
          "AmplifyVision",
          "VriswoodAmber",
          "BlastingStaff",
          "SiftersPearl",
          "WildfireWhip",
          "FocusingOrb",
          "OblivionSwell",
          "TripliteCore",
          "NerveJab",
          "DoubleTap",
          "ObliviumResin",
          "Summonite",
          "ManifoldContainer",
          "DrainingTouch",
          "JoltingCrust",
          "MentiteChunk",
          "SoulCords",
          "VoidiumSpike",
          "PrecisionShot",
          "MutedLacosite",
          "BladeOfWisdom",
          "StunningForce",
          "FlashOfIntellect",
          "ScholarsOpus",
          "BottledStar",
          "BurningCurrent",
          "PsychicEruption",
          "LivingGauntlet",
          "ShiningTetrite",
          "VoidBond",
          "Combustion",
          "VimDynamo",
          "DisintegratingScythe",
          "MonstrousInferno",
          "DevouringShadow",
          "BanishingTopaz",
          "Transmogrifier",
          "JeweledBrain",
          "BlastSphere",
          "WoundMender",
          "BranchingRadite",
          "FireChakram",
          "BraneKnife",
          "FulmiteSlab",
          "GildedMarble",
          "VoltaicRelay",
          "SparkingSiphon",
          "BreachCommunion",
          "InfernalMirror",
          "Geophage",
          "ForceTransfusion",
          "ConductiveGrit",
          "AncientCyanolith",
          "EtherealHand",
          "BendingBeam",
          "EntangledShard",
          "ArcaneSalvo",
          "PhasedPortalite",
          "PyroGeist",
          "BreachFlare",
          "ThunderousOath",
          "SoothingTorporene",
          "ArcingSilicate",
          "WarpingHaze",
          "IncineratingFist",
          "RealityStabilizer",
          "BreachCollision",
          "FieryConclusion",
          "StarfireFrenzy",
          "CrumblingCompound",
          "PropheticLens",
          "AdrenalBatteries",
          "RefinedLumenium",
          "VoidMill",
          "GravityNode",
          "NeuralWreath",
          "SphereOfInversion",
          "LurkingSionite",
          "UnrefinedBlaststone",
          "Exogranite",
          "RecurringJasper",
          "EnergizedRubidium",
          "ResonantPearl",
          "CagedFire",
          "GalvanizedBauble",
          "AetherConduit",
          "WellOfEnergy",
          "PainConduit",
          "LinkConduit",
          "MarbleGalaxy",
          "DelugeOfPower",
          "ReverberatingShock",
          "FatalHarmony",
          "BouncingBoom",
          "SpiritLift",
          "Tethered Darts",
          "ForceAmplifier",
          "ImbuedSmash",
          "PatternStrike",
          "MoltenHammer",
          "Radiance",
          "Blaze",
          "ScryingBolt",
          "SagesBrand",
          "LeechingAgate",
          "TemporalHelix",
          "Char",
          "AlienElement",
          "Scorch",
          "Pyromancy",
          "FeedbackAura",
          "Catalyst",
          "PainStone",
          "AstralCube",
          "RiddleSphere",
          "NetherConduit",
          "HauntedBerylite",
          "Olivinite",
          "CacheGlass",
          "ReflectiveConduit",
          "WillWeaver",
          "BreachSeeker",
          "CrescendoRay",
          "StormVapors",
          "MantraOfStrength",
          "EmbodyFlame",
          "SnapRitual",
          "ShiningFluorite",
          "PolyphaseTurbine",
          "BreachExtractor",
          "FocusingConduit",
          "DualFlash",
          "DustCaller",
          "FossilizedScarab",
          "ThermalDart",
          "Resonate",
          "Conflagration",
          "DimensionalKey",
          "InnerFire",
          "Fulminate",
          "EternityCharm",
          "ErraticIngot",
          "ReduceToAsh",
          "VortexGauntlet",
          "Carbonize",
          "Equilibrium",
          "VolcanicGlass",
          "ConvectionField",
          "JaggedLightning",
          "BloodstoneJewel",
          "Kindle",
          "ThoughtformFamiliar",
          "Crystallize",
          "FieryTorrent",
          "CelestialSpire",
          "ConjureTheLost",
          "NovaForge",
          "DreadDiamond",
          "CairnCompass",
          "ScoriaSlag",
          "BreachOre",
          "FiendCatcher",
          "PyrotechnicSurge",
          "Aurora",
          "ConclaveScroll",
          "PrimordialFetish",
          "FrozenMagmite",
          "MagesTotem",
          "DrownInFlames",
          "FleetingVision",
          "SplinterMissile",
          "EchoStone",
          "ThievingSpirit",
          "FracturedQuartz",
          "RockLauncher",
          "AbacusOfIgnition",
          "IlluminatingFlame",
          "ChronalArc",
          "SymbioticSynapse",
        ],
        "availableMageIds": Array [
          "Kadir",
          "Lash",
          "Mist",
          "Phaedraxa",
          "Nym",
          "Reeve",
          "Zhana",
          "Inco",
          "Razra",
          "LegacyGreen",
          "LegacyYellow",
          "LegacyOrange",
          "LegacyBlue",
          "Sahala",
          "Gygar",
          "Soskel",
          "Taqren",
          "Talix",
          "Rhia",
          "Claudia",
          "Lost",
          "Malastar",
          "Indira",
          "Remnant",
          "Nook",
          "Mazra",
          "Qu",
          "Sparrow",
          "XaxosTV",
          "Dezmodia",
          "Garu",
          "Gex",
          "Mazahaedron",
          "MistWE",
          "Quilius",
          "Ulgimor",
          "YanMagda",
          "Jian",
        ],
        "availableNemesisIds": Array [
          "Rageborne",
          "HordeCrone",
          "Necroswarm",
          "Bladius",
          "Deathmind",
          "FungalMesh",
          "MaelstromRisen",
          "SpawningHorror",
          "XaxosAscended",
          "Maggoth",
          "Arachnos",
          "AgelessWalker",
          "Fenrix",
          "BlightLord",
          "WaywardOne",
          "ThriceDeadProphet",
          "Wraithmonger",
          "TheWailing",
          "TheWanderer",
          "KnightOfShackles",
          "MaidenOfThorns",
          "GateWitch",
          "HollowCrown",
          "MagusOfCloaks",
          "UmbraTitan",
          "PrinceOfGluttons",
          "CarapaceQueen",
          "CrookedMask",
        ],
        "availableTreasureIds": Array [
          "DezmodiasOblivionShard",
          "UlgimorsCoalFragment",
          "IndirasLoneOpal",
          "MistsAmethystParagon",
          "MalastarsImmolate",
          "YanMagdasIlluminate",
          "EyeOfTheMaelstrom",
          "WellOfDespair",
          "CronesAmulet",
          "EdibleFungusChunks",
          "UmbralHornOfWar",
          "TheBrokenMask",
          "AlchemistsAlembic",
          "SoothsayersPouch",
          "SuppressingPin",
          "Quicksilver",
          "BandOfRetrieval",
          "PurifiedBangle",
          "KadirsEmeraldShard",
          "GexsShatteredGeode",
          "JiansMoonstoneShard",
          "LashsQuartzShard",
          "XaxosFlare",
          "AdelheimsAmethystShard",
          "BramasBuriedLight",
          "GarusTorch",
          "XaxosPyre",
          "MistsGarnetShard",
          "ShimmeringCloakOfTheMagus",
          "ImbuedShackles",
          "GluttonsTooth",
          "CoreOfRage",
          "CleansingAmulet",
          "CarapaceFragement",
          "ThornedWhip",
          "BonesOfDeathmind",
          "AcceleratingGauntlets",
          "EssenceExtractor",
          "BroochOfAttunment",
          "BladedCrystal",
          "PrismOfDestruction",
          "ForgottenTrinket",
          "PrecisionMagnifier",
          "ShroudOfObfucation",
          "VerdantStaff",
          "FlowingMantle",
          "MazahaedronsWorldheartShard",
          "PhaedraxasTourmalineShard",
          "FracturedShell",
          "Extra-DimensionalLens",
          "SeersBracer",
          "RemnantsVoidShard",
          "QuiliussErasure",
          "ZhanasFleetingEmber",
          "BlightedRootClump",
          "PetrifiedWitchFinger",
          "WaywardScraps",
          "TrueSightMonocle",
          "EntwinedAetherStrands",
          "SiphoningBlade",
          "GemEncrustedAnklet",
          "ReevesRavenShard",
          "NymsVision",
          "SparrowsAid",
          "WraithsEssence",
          "VolatileClasp",
          "BreachStabilizer",
          "FangedChoker",
          "EndlessBandolier",
        ],
        "availableUpgradedBasicNemesisCardIds": Array [
          "HissingAcid",
          "Wreck",
          "BaneCommander",
          "SkyTremor",
          "EngulfingMadness",
          "Separate",
          "NeedleDoom",
          "Marked",
          "Eradicate",
          "FlashOfDecay",
          "Terrify",
          "RayOfDesolation",
          "ThunderousTempest",
          "Sacrifice",
          "Burialskulk",
          "Rupture",
          "FurrowOfDestruction",
          "Mangle",
          "HowlingSlayer",
        ],
        "supplySetup": Object {
          "active": true,
          "default": true,
          "id": "random",
          "name": "Random Setup (Default)",
          "tiles": Array [
            Object {
              "operation": "ANY",
              "type": "Gem",
            },
            Object {
              "operation": "ANY",
              "type": "Gem",
            },
            Object {
              "operation": "ANY",
              "type": "Gem",
            },
            Object {
              "operation": "ANY",
              "type": "Relic",
            },
            Object {
              "operation": "ANY",
              "type": "Relic",
            },
            Object {
              "operation": "ANY",
              "type": "Spell",
            },
            Object {
              "operation": "ANY",
              "type": "Spell",
            },
            Object {
              "operation": "ANY",
              "type": "Spell",
            },
            Object {
              "operation": "ANY",
              "type": "Spell",
            },
          ],
          "type": "official",
        },
        "usedExpansions": Array [
          "AE",
          "BS",
          "Depths",
          "IW",
          "Legacy",
          "NA",
          "Nameless",
          "OD",
          "SD",
          "TA",
          "TV",
          "WE",
          "promos",
        ],
      },
      "upgradedBasicNemesisCards": Array [],
    },
  },
}
`;
