// Jest Snapshot v1, https://goo.gl/fbAQLP

exports[`Settings | Expansions | Treasures | selected | reducer should handle TOGGLE 1`] = `
Array [
  "DezmodiasOblivionShard",
  "UlgimorsCoalFragment",
  "IndirasLoneOpal",
  "MistsAmethystParagon",
  "MalastarsImmolate",
  "YanMagdasIlluminate",
  "EyeOfTheMaelstrom",
  "WellOfDespair",
  "EdibleFungusChunks",
  "UmbralHornOfWar",
  "TheBrokenMask",
  "AlchemistsAlembic",
  "SoothsayersPouch",
  "SuppressingPin",
  "Quicksilver",
  "BandOfRetrieval",
  "PurifiedBangle",
  "KadirsEmeraldShard",
  "GexsShatteredGeode",
  "JiansMoonstoneShard",
  "LashsQuartzShard",
  "XaxosFlare",
  "AdelheimsAmethystShard",
  "BramasBuriedLight",
  "GarusTorch",
  "XaxosPyre",
  "MistsGarnetShard",
  "ShimmeringCloakOfTheMagus",
  "ImbuedShackles",
  "GluttonsTooth",
  "CoreOfRage",
  "CleansingAmulet",
  "CarapaceFragement",
  "ThornedWhip",
  "BonesOfDeathmind",
  "AcceleratingGauntlets",
  "EssenceExtractor",
  "BroochOfAttunment",
  "BladedCrystal",
  "PrismOfDestruction",
  "ForgottenTrinket",
  "PrecisionMagnifier",
  "ShroudOfObfucation",
  "VerdantStaff",
  "FlowingMantle",
  "MazahaedronsWorldheartShard",
  "PhaedraxasTourmalineShard",
  "FracturedShell",
  "Extra-DimensionalLens",
  "SeersBracer",
  "RemnantsVoidShard",
  "QuiliussErasure",
  "ZhanasFleetingEmber",
  "BlightedRootClump",
  "PetrifiedWitchFinger",
  "WaywardScraps",
  "TrueSightMonocle",
  "EntwinedAetherStrands",
  "SiphoningBlade",
  "GemEncrustedAnklet",
  "ReevesRavenShard",
  "NymsVision",
  "SparrowsAid",
  "WraithsEssence",
  "VolatileClasp",
  "BreachStabilizer",
  "FangedChoker",
  "EndlessBandolier",
]
`;
