// Jest Snapshot v1, https://goo.gl/fbAQLP

exports[`Settings | Expansions | Treasures | selected | reducer should handle TOGGLE 1`] = `
Array [
  "DezmodiasOblivionShard",
  "UlgimorsCoalFragment",
  "IndirasLoneOpal",
  "MistsAmethystParagon",
  "MalastarsImmolate",
  "YanMagdasIlluminate",
  "EyeOfTheMaelstrom",
  "WellOfDespair",
  "EdibleFungusChunks",
  "UmbralHornOfWar",
  "TheBrokenMask",
  "AlchemistsAlembic",
  "SoothsayersPouch",
  "SuppressingPin",
  "Quicksilver",
  "BandOfRetrieval",
  "PurifiedBangle",
  "KadirsEmeraldShard",
  "GexsShatteredGeode",
  "JiansMoonstoneShard",
  "LashsQuartzShard",
  "XaxosFlare",
  "AdelheimsAmethystShard",
  "BramasBuriedLight",
  "GarusTorch",
  "XaxosPyre",
  "MistsGarnetShard",
  "ShimmeringCloakOfTheMagus",
  "ImbuedShackles",
  "GluttonsTooth",
  "CoreOfRage",
  "CleansingAmulet",
  "CarapaceFragement",
  "ThornedWhip",
  "BonesOfDeathmind",
  "AcceleratingGauntlets",
  "EssenceExtractor",
  "BroochOfAttunment",
  "BladedCrystal",
  "PrismOfDestruction",
  "ForgottenTrinket",
  "PrecisionMagnifier",
  "ShroudOfObfucation",
  "VerdantStaff",
  "FlowingMantle",
  "MazahaedronsWorldheartShard",
  "PhaedraxasTourmalineShard",
  "FracturedShell",
  "Extra-DimensionalLens",
  "SeersBracer",
  "RemnantsVoidShard",
  "QuiliussErasure",
  "ZhanasFleetingEmber",
  "BlightedRootClump",
  "PetrifiedWitchFinger",
  "WaywardScraps",
  "TrueSightMonocle",
  "EntwinedAetherStrands",
  "SiphoningBlade",
  "GemEncrustedAnklet",
  "RhiasPlanarPocket",
  "TalixsEverburn",
  "LostsForgedSpark",
  "MazrasThesis",
  "RazrasTrainingWhistle",
  "RejuvenatingDiamond",
  "BrokenTooth",
  "PoisonHeart",
  "WorldMarble",
  "ArmoredPauldrons",
  "BloodshotGeode",
  "TreasuredStone",
  "ReboundGauntlet",
  "ClaudiasAetherscope",
  "SoskelsLuckyCoin",
  "QusVoidRadite",
  "TaqrensGiftOfSpirit",
  "GygarsTsunami",
  "EnergizedHusk",
  "SparkingShards",
  "SigilPendant",
  "HornOfPlenty",
  "ImbuedCirclet",
  "BurstingBracelet",
  "IncosSpreadingEmerald",
  "LostsForgedCrystal",
  "OnyxElixir",
  "AshenRib",
  "MassacreHelm",
  "CloakOfWisdom",
  "ReevesRavenShard",
  "NymsVision",
  "SparrowsAid",
  "WraithsEssence",
  "VolatileClasp",
  "BreachStabilizer",
  "FangedChoker",
  "EndlessBandolier",
  "SahalasBlackMeteorite",
  "NooksMysticFlourish",
  "RitualStaff",
  "CrownOfFangs",
  "EverfullPurse",
  "ArcaneTimepiece",
  "BootsOfArcaneQuickening",
  "IlyasTruliteOfForce",
  "KelsTruliteOfEnergy",
  "QusCallOfTheVoid",
  "ThraxirsNamelessSiphon",
  "CairnasInvigorate",
  "DezmodiasEternalDarkness",
  "OhatsShowerOfCoals",
  "LuciensSunShard",
  "RethsFossilizedRoze",
  "TaqrensDefenseGlyphs",
  "ZhanasScimitar",
  "ArachnosSpellbook",
]
`;
