// Jest Snapshot v1, https://goo.gl/fbAQLP

exports[`Settings | Expansions | Nemeses | selected | reducer should handle TOGGLE 1`] = `
Array [
  "CarapaceQueen",
  "CrookedMask",
  "PrinceOfGluttons",
  "Rageborne",
  "HordeCrone",
  "CloudedMesmer",
  "Necroswarm",
  "Bladius",
  "Deathmind",
  "FungalMesh",
  "MaelstromRisen",
  "SpawningHorror",
  "XaxosAscended",
  "Arachnos",
  "AgelessWalker",
  "Fenrix",
  "BlightLord",
  "WaywardOne",
  "ThriceDeadProphet",
  "Wraithmonger",
  "Stonemonger",
  "InfestedMutation",
  "ErythizaConsumed",
  "HeraldOfTheEnd",
  "TheChangelingNest",
  "CorruptionsCore",
  "TheWailing",
  "TheWanderer",
  "KnightOfShackles",
  "MaidenOfThorns",
  "GateWitch",
  "HollowCrown",
  "MagusOfCloaks",
  "UmbraTitan",
  "Experiment153",
  "ThiefOfDreams",
  "RisenThrall",
  "FountainOfSouls",
  "TheEndlessDecay",
  "Burrower",
  "Fortress",
  "TheBurningKor",
  "BishopOfScrolls",
  "BishopReturned",
  "FateShepherd",
  "Griefweaver",
  "MistRevealed",
  "MotherOfRust",
  "ParadoxOfBone",
  "ParadoxOfMyth",
  "ParadoxOfMythAndBone",
  "RustAmalgam",
  "ParadoxOfBone",
  "RustSuperion",
  "HazeFiend",
]
`;
