// Jest Snapshot v1, https://goo.gl/fbAQLP

exports[`Settings | Expansions | Cards | selected | reducer should handle TOGGLE 1`] = `
Array [
  "ChaosArc",
  "Ignite",
  "EssenceTheft",
  "SearingRuby",
  "FeralLightning",
  "PlanarInsight",
  "SpectralEcho",
  "BurningOpal",
  "ConsumingVoid",
  "UnstablePrism",
  "CloudedSapphire",
  "MagesTalisman",
  "FlexingDagger",
  "LavaTendril",
  "BottledVortex",
  "ArcaneNexus",
  "DarkFire",
  "PhoenixFlame",
  "Jade",
  "AmplifyVision",
  "VriswoodAmber",
  "BlastingStaff",
  "SiftersPearl",
  "WildfireWhip",
  "FocusingOrb",
  "OblivionSwell",
  "TripliteCore",
  "NerveJab",
  "DoubleTap",
  "ObliviumResin",
  "Summonite",
  "ManifoldContainer",
  "DrainingTouch",
  "JoltingCrust",
  "MentiteChunk",
  "SoulCords",
  "VoidiumSpike",
  "PrecisionShot",
  "MutedLacosite",
  "BladeOfWisdom",
  "StunningForce",
  "FlashOfIntellect",
  "ScholarsOpus",
  "BottledStar",
  "BurningCurrent",
  "PsychicEruption",
  "LivingGauntlet",
  "ShiningTetrite",
  "VoidBond",
  "Combustion",
  "VimDynamo",
  "DisintegratingScythe",
  "MonstrousInferno",
  "DevouringShadow",
  "BanishingTopaz",
  "Transmogrifier",
  "FeedingLichen",
  "FallLantern",
  "CrescentGreave",
  "ReflectingCurrent",
  "JeweledBrain",
  "BlastSphere",
  "WoundMender",
  "BranchingRadite",
  "FireChakram",
  "BraneKnife",
  "FulmiteSlab",
  "GildedMarble",
  "VoltaicRelay",
  "SparkingSiphon",
  "BreachCommunion",
  "InfernalMirror",
  "Geophage",
  "ForceTransfusion",
  "ConductiveGrit",
  "AncientCyanolith",
  "EtherealHand",
  "BendingBeam",
  "EntangledShard",
  "ArcaneSalvo",
  "PhasedPortalite",
  "PyroGeist",
  "BreachFlare",
  "ThunderousOath",
  "SoothingTorporene",
  "ArcingSilicate",
  "WarpingHaze",
  "IncineratingFist",
  "RealityStabilizer",
  "BreachCollision",
  "FieryConclusion",
  "StarfireFrenzy",
  "CrumblingCompound",
  "PropheticLens",
  "AdrenalBatteries",
  "RefinedLumenium",
  "VoidMill",
  "GravityNode",
  "NeuralWreath",
  "SphereOfInversion",
  "LurkingSionite",
  "UnrefinedBlaststone",
  "Exogranite",
  "RecurringJasper",
  "EnergizedRubidium",
  "ResonantPearl",
  "CagedFire",
  "GalvanizedBauble",
  "AetherConduit",
  "WellOfEnergy",
  "PainConduit",
  "LinkConduit",
  "MarbleGalaxy",
  "DelugeOfPower",
  "ReverberatingShock",
  "FatalHarmony",
  "BouncingBoom",
  "SpiritLift",
  "Tethered Darts",
  "ForceAmplifier",
  "ImbuedSmash",
  "PatternStrike",
  "MoltenHammer",
  "Radiance",
  "Blaze",
  "ScryingBolt",
  "SagesBrand",
  "LeechingAgate",
  "TemporalHelix",
  "Char",
  "AlienElement",
  "Scorch",
  "Pyromancy",
  "FeedbackAura",
  "Catalyst",
  "PainStone",
  "AstralCube",
  "RiddleSphere",
  "NetherConduit",
  "HauntedBerylite",
  "TomeOfTheAncients",
  "ConsumeMagic",
  "PrismaticFlare",
  "Inscrutable Artifact",
  "CavernousMaw",
  "Glowstone",
  "Encased Fossil",
  "FoolsGold",
  "ResonantPearl",
  "SplinteredGarnet",
  "SeersWrath",
  "TetheredSmite",
  "TalunaBranch",
  "BuildingStorm",
  "AmplifyingCalcite",
  "ImbuedPocketwatch",
  "MicaShard",
  "ThistleSpear",
  "FatalHarmony",
  "BouncingBoom",
  "SpiritLift",
  "Tethered Darts",
  "ForceAmplifier",
  "ImbuedSmash",
  "PatternStrike",
  "Olivinite",
  "CacheGlass",
  "ReflectiveConduit",
  "WillWeaver",
  "BreachSeeker",
  "CrescendoRay",
  "StormVapors",
  "MantraOfStrength",
  "EmbodyFlame",
  "SnapRitual",
  "ShiningFluorite",
  "PolyphaseTurbine",
  "BreachExtractor",
  "FocusingConduit",
  "DualFlash",
  "DustCaller",
  "SymbioticSynapse",
  "FossilizedScarab",
  "ThermalDart",
  "Resonate",
  "Conflagration",
  "DimensionalKey",
  "InnerFire",
  "Fulminate",
  "EternityCharm",
  "ErraticIngot",
  "ReduceToAsh",
  "VortexGauntlet",
  "Carbonize",
  "Equilibrium",
  "VolcanicGlass",
  "ConvectionField",
  "JaggedLightning",
  "BloodstoneJewel",
  "Kindle",
  "ThoughtformFamiliar",
  "Crystallize",
  "FieryTorrent",
  "CelestialSpire",
  "ConjureTheLost",
  "NovaForge",
  "DreadDiamond",
  "CairnCompass",
  "ScoriaSlag",
  "BreachOre",
  "FiendCatcher",
  "PyrotechnicSurge",
  "Aurora",
  "ConclaveScroll",
  "PrimordialFetish",
  "FrozenMagmite",
  "MagesTotem",
  "UnstablePyrite",
  "MoltenPeridot",
  "HelixOfAmber",
  "PetrifiedPhoenixium",
  "GalvanizedSapphire",
  "ElongatedLooq",
  "VigorousSunstone",
  "DuplicatingSazite",
  "OrbOfTheDeep",
  "CarnivorousRoox",
  "RiftDagger",
  "ReconstitutingCircuit",
  "DestinyForger",
  "ChainOfRetrieval",
  "BottledSun",
  "TransmutersLens",
  "UnhingedVortex",
  "FortifiedFrost",
  "PairedStorm",
  "TwistedFang",
  "ShatteringBolt",
  "InfusedIgnition",
  "LightningArrow",
  "RadiantConflux",
  "UnstableRift",
  "GatheredWill",
  "TornadoOfInsight",
  "HastedIntellect",
  "SwarmOfFlame",
  "ArcaneRelay",
  "DizzyingBurst",
  "Rhodonix",
  "LashingSinew",
  "Propel",
  "Starfall",
  "GlassEyedOracle",
  "Cleanse",
  "MemoryBreak",
  "QuickeningQitite",
  "JeweledUrup",
  "CatsEye",
  "VoltReplicator",
  "EnergizedConduit",
  "FlameJab",
  "GatheringWinds",
  "CinderShower",
  "ReapersFlame",
  "ErasureOfMind",
  "Witchglass",
  "Shimmerbead",
  "AllayingShell",
  "PulsyriumGlobe",
  "RainbowFluorite",
  "AetherWidget",
  "VimInfusor",
  "ContingencyKit",
  "GhostHarness",
  "ElementConvertor",
  "Magnify",
  "DawnBarrage",
  "Stupefy",
  "ForceBubble",
  "AcceleratingField",
  "Harmonize",
  "Phantasmagoria",
  "RuneTutor",
  "BestowingLight",
  "ReverseGravity",
  "DarkliteSample",
  "NebulaShard",
  "ScryingSugilite",
  "Starglass",
  "SunkenOnyx",
  "CobaltClump",
  "GlintSplinter",
  "VoidsteelVein",
  "AetherDust",
  "Frozen Light",
  "ShatteredRupix",
  "EchoRune",
  "ElectrumRod",
  "MartyrsBone",
  "ChaosCharm",
  "SummonersHorn",
  "VoidAnchor",
  "LightbringerStaff",
  "PhoenixQuill",
  "Grassblade",
  "AetherRipple",
  "Douse",
  "EvaporatingRay",
  "Galvanize",
  "MagneticBurst",
  "Backfire",
  "Cascade",
  "CrystalCarapace",
  "FlameQuake",
  "Parallel Self",
  "TemporalStrike",
  "ParadigmFlux",
  "Entwined Tremor",
  "VolcanicShrapnel",
  "DrownInFlames",
  "FleetingVision",
  "SplinterMissile",
  "EchoStone",
  "ThievingSpirit",
  "FracturedQuartz",
  "RockLauncher",
  "AbacusOfIgnition",
  "IlluminatingFlame",
  "ChronalArc",
  "CoruscatingSapal",
  "HummingShell",
  "ForceCatalyst",
  "TalusoidClod",
  "ChronophageCoil",
  "ParasiticForce",
  "CitrineShrapnel",
  "CataclysmSeed",
]
`;
